STAR version=2.7.10b
STAR compilation time,server,dir=2022-11-01T09:53:26-04:00 :/home/dobin/data/STAR/STARcode/STAR.master/source
STAR git: On branch master ; commit c6f8efc2c7043ef83bf8b0d9bed36bbb6b9b1133 ; diff files: CHANGES.md 
##### Command Line:
STAR --runMode genomeGenerate --genomeDir /tmp/tmp.oQo6YX0e2J/index --genomeFastaFiles /tmp/tmp.oQo6YX0e2J/ref.fa --runThreadN 1
##### Initial USER parameters from Command Line:
###### All USER parameters from Command Line:
runMode                       genomeGenerate        ~RE-DEFINED
genomeDir                     /tmp/tmp.oQo6YX0e2J/index     ~RE-DEFINED
genomeFastaFiles              /tmp/tmp.oQo6YX0e2J/ref.fa        ~RE-DEFINED
runThreadN                    1     ~RE-DEFINED
##### Finished reading parameters from all sources

##### Final user re-defined parameters-----------------:
runMode                           genomeGenerate   
runThreadN                        1
genomeDir                         /tmp/tmp.oQo6YX0e2J/index
genomeFastaFiles                  /tmp/tmp.oQo6YX0e2J/ref.fa   

-------------------------------
##### Final effective command line:
STAR   --runMode genomeGenerate      --runThreadN 1   --genomeDir /tmp/tmp.oQo6YX0e2J/index   --genomeFastaFiles /tmp/tmp.oQo6YX0e2J/ref.fa   
----------------------------------------

Number of fastq files for each mate = 1
ParametersSolo: --soloCellFilterType CellRanger2.2 filtering parameters:  3000 0.99 10
Finished loading and checking parameters
--genomeDir directory exists and will be overwritten: /tmp/tmp.oQo6YX0e2J/index/
!!!!! WARNING: Could not move Log.out file from ./Log.out into /tmp/tmp.oQo6YX0e2J/index/Log.out. Will keep ./Log.out

Apr 13 16:48:59 ... starting to generate Genome files
/tmp/tmp.oQo6YX0e2J/ref.fa : chr # 0  "chr1" chrStart: 0
Chromosome sequence lengths: 
chr1	32
Genome sequence total length = 32
Genome size with padding = 262144
!!!!! WARNING: --genomeSAindexNbases 14 is too large for the genome size=32, which may cause seg-fault at the mapping step. Re-run genome generation with recommended --genomeSAindexNbases 1
Estimated genome size with padding and SJs: total=genome+SJ=201262144 = 262144 + 201000000
GstrandBit=32
Number of SA indices: 64
Apr 13 16:48:59 ... starting to sort Suffix Array. This may take a long time...
Number of chunks: 1;   chunks size limit: 18599685304 bytes
Apr 13 16:48:59 ... sorting Suffix Array chunks and saving them to disk...
Writing 512 bytes into /tmp/tmp.oQo6YX0e2J/index//SA_0 ; empty space on disk = 999553388544 bytes ... done
Apr 13 16:48:59 ... loading chunks from disk, packing SA...
Apr 13 16:48:59 ... finished generating suffix array
Apr 13 16:48:59 ... generating Suffix Array index
Apr 13 16:49:02 ... completed Suffix Array index
Apr 13 16:49:02 ... writing Genome to disk ...
Writing 262144 bytes into /tmp/tmp.oQo6YX0e2J/index//Genome ; empty space on disk = 999553269760 bytes ... done
SA size in bytes: 267
Apr 13 16:49:02 ... writing Suffix Array to disk ...
Writing 267 bytes into /tmp/tmp.oQo6YX0e2J/index//SA ; empty space on disk = 999553007616 bytes ... done
Apr 13 16:49:02 ... writing SAindex to disk
Writing 8 bytes into /tmp/tmp.oQo6YX0e2J/index//SAindex ; empty space on disk = 999553003520 bytes ... done
Writing 120 bytes into /tmp/tmp.oQo6YX0e2J/index//SAindex ; empty space on disk = 999553003520 bytes ... done
Writing 1565873491 bytes into /tmp/tmp.oQo6YX0e2J/index//SAindex ; empty space on disk = 999553003520 bytes ... done
Apr 13 16:49:04 ..... finished successfully
DONE: Genome generation, EXITING
